Current time:                   41; Timer value                    1
Current time:                10061; Timer value                 1003
Test passed
